// Jest Snapshot v1, https://goo.gl/fbAQLP

exports[`Test <TodoListItem /> should show component success 1`] = `
<li
  className="list-group-item"
>
  <p
    className="false"
    onClick={[Function]}
  >
    1
    . 
    Aprender React
  </p>
  <button
    className="btn btn-danger"
    onClick={[Function]}
  >
    Borrar
  </button>
</li>
`;
