// Jest Snapshot v1, https://goo.gl/fbAQLP

exports[`Test Component <HomePage /> should show component success 1`] = `
<div>
  <h1>
    Home Page
  </h1>
  <hr />
  <pre>
    {
   "name": "Antonio",
   "email": "test@test.com"
}
  </pre>
</div>
`;
