// Jest Snapshot v1, https://goo.gl/fbAQLP

exports[`Component HookApp should show <HookApp /> success 1`] = `
<div>
  <h1>
    Hola Mundo
  </h1>
</div>
`;
