// Jest Snapshot v1, https://goo.gl/fbAQLP

exports[`test <RealExampleRef /> should show component success 1`] = `
<div>
  <h1>
    RealExampleRef
  </h1>
  <hr />
  <button
    className="btn btn-primary"
    onClick={[Function]}
  >
    Show / Hide
  </button>
</div>
`;
